// Jest Snapshot v1, https://goo.gl/fbAQLP

exports[`barcode rendering should match with snapshot 1`] = `
[
  <div
    data-testid="input-barcode-text"
  >
    <label
      className="fui-Label ___1yevxz2_yljzsa0 fk6fouc f19n0e5 fkhj508 f1i3iumi"
      htmlFor="fui-r0"
    >
      <b>
        Barcode text
      </b>
    </label>
    <span
      className="fui-Input r1jtohuq ___gxxrxg0_glgvo90 fvcxoqz f1ub3y4t f1l4zc64 f1m52nbi f8vnjqi fz1etlk f1klwx88 f1hc16gm fly5x3f ffemd8d"
    >
      <input
        className="fui-Input__input rvp2gzh"
        id="fui-r0"
        onChange={[Function]}
        placeholder="Type something or select from your document"
        type="text"
        value=""
      />
    </span>
  </div>,
  <div>
    <label
      className="fui-Label ___1yevxz2_yljzsa0 fk6fouc f19n0e5 fkhj508 f1i3iumi"
      htmlFor="fui-r1"
    >
      Width slider
    </label>
    <div>
      <div
        className="fui-Slider ___151n96i_1cavycs f10pi13n fwk3njj f1sdsnyy f122n59 f1oiokrs ftqa4ok f2hkw1w f1b1k54r f4ne723 fh7aioi fqqcjud f1k55ka9 fgclinu fycbxed f16pcs8n ffht0p2 f1p0ul1q f1c901ms f1alokd7 f78i1la f1kvsw7t f8k7e5g f1bw8brt f1pmxfrl fszkfcr f57dp0y f1ap5ily f11dm2qb f136rfnd fdsq1qd f1khssms fq4eyks f1ya6x16 f1e2iu44 ftuszwa f1pffoy2 f1bmyog6 fs6b7xr f15fv2gd f1a78h9h fuok0yf f1nxs5xn fyvtabn fgfd48t f4t5rw1 f4l8x3l f671q34 fvfzmw5 faw1t00 fxdgx5 fii04fa f36hzz8 f1volkfw f1xddb6 fcdikl fhpzgm6 f1q6pm3h f18og1rn fly5x3f"
        style={
          {
            "--fui-Slider--direction": "90deg",
            "--fui-Slider--progress": "1.2096774193548387%",
            "--fui-Slider--steps-percent": "",
          }
        }
      >
        <input
          className="fui-Slider__input ___8p3dzw0_2fzfsa0 f1k6fduh fk73vx1 f16hsg94 f1nzqi2z fwpfdsa fuur7zz f1g0x7ka fhxju0i f1qch9an f1cnd47f f1hu3pq6 f11qmguv f19f4twv f1tyq0we f1yfdkfd fly5x3f"
          id="fui-r1"
          max={50}
          min={0.4}
          onChange={[Function]}
          type="range"
          value={1}
        />
        <div
          className="fui-Slider__rail ___1a5brpz_17vwgb3 fnivh3a fc7yr5o f1el4m67 f8yange f1aehjj5 faunodf f88nxoq fd46tj4 f1e2fz10 f10pi13n fdgv6k0 fizngqt fpvhumw f1yog68k f13sgyd8 fzhtfnv f1j7ml58 fx36ao7 fux3rle fly5x3f f1cy86ho f1heqfse fkh49vu f16tdq4e"
        />
        <div
          className="fui-Slider__thumb ___14wdpg0_ohb8140 faunodf f88nxoq fd46tj4 f1e2fz10 f1euv43f f174ca62 f1yfdkfd f1aehjj5 f1s6fcnf fdgv6k0 f8fbkgy f1nfllo7 f1djnp8u f1s8kh49 fof7hq0 foksa45 f1j7ml58 f14u7mkt f5zrw40 fto0uou f1ks5ppg feh19e8 f3j3guj fo75joz f1yag6sl fyl8oag fzhtfnv f1rponpz f1rvw2z1 f1muowhs fjj0g3m f163fonl f1yq6w5o f11yjt3y f1jpmc5p f10tv6oz f16xp3sf fwrmqbx f1seuxxq f13gfj74 f1fj3zth"
        />
      </div>
    </div>
  </div>,
  <div>
    <label
      className="fui-Label ___1yevxz2_yljzsa0 fk6fouc f19n0e5 fkhj508 f1i3iumi"
      htmlFor="fui-r3"
    >
      Height slider
    </label>
    <div>
      <div
        className="fui-Slider ___151n96i_1cavycs f10pi13n fwk3njj f1sdsnyy f122n59 f1oiokrs ftqa4ok f2hkw1w f1b1k54r f4ne723 fh7aioi fqqcjud f1k55ka9 fgclinu fycbxed f16pcs8n ffht0p2 f1p0ul1q f1c901ms f1alokd7 f78i1la f1kvsw7t f8k7e5g f1bw8brt f1pmxfrl fszkfcr f57dp0y f1ap5ily f11dm2qb f136rfnd fdsq1qd f1khssms fq4eyks f1ya6x16 f1e2iu44 ftuszwa f1pffoy2 f1bmyog6 fs6b7xr f15fv2gd f1a78h9h fuok0yf f1nxs5xn fyvtabn fgfd48t f4t5rw1 f4l8x3l f671q34 fvfzmw5 faw1t00 fxdgx5 fii04fa f36hzz8 f1volkfw f1xddb6 fcdikl fhpzgm6 f1q6pm3h f18og1rn fly5x3f"
        style={
          {
            "--fui-Slider--direction": "90deg",
            "--fui-Slider--progress": "50%",
            "--fui-Slider--steps-percent": "",
          }
        }
      >
        <input
          className="fui-Slider__input ___8p3dzw0_2fzfsa0 f1k6fduh fk73vx1 f16hsg94 f1nzqi2z fwpfdsa fuur7zz f1g0x7ka fhxju0i f1qch9an f1cnd47f f1hu3pq6 f11qmguv f19f4twv f1tyq0we f1yfdkfd fly5x3f"
          id="fui-r3"
          max={150}
          min={50}
          onChange={[Function]}
          type="range"
          value={100}
        />
        <div
          className="fui-Slider__rail ___1a5brpz_17vwgb3 fnivh3a fc7yr5o f1el4m67 f8yange f1aehjj5 faunodf f88nxoq fd46tj4 f1e2fz10 f10pi13n fdgv6k0 fizngqt fpvhumw f1yog68k f13sgyd8 fzhtfnv f1j7ml58 fx36ao7 fux3rle fly5x3f f1cy86ho f1heqfse fkh49vu f16tdq4e"
        />
        <div
          className="fui-Slider__thumb ___14wdpg0_ohb8140 faunodf f88nxoq fd46tj4 f1e2fz10 f1euv43f f174ca62 f1yfdkfd f1aehjj5 f1s6fcnf fdgv6k0 f8fbkgy f1nfllo7 f1djnp8u f1s8kh49 fof7hq0 foksa45 f1j7ml58 f14u7mkt f5zrw40 fto0uou f1ks5ppg feh19e8 f3j3guj fo75joz f1yag6sl fyl8oag fzhtfnv f1rponpz f1rvw2z1 f1muowhs fjj0g3m f163fonl f1yq6w5o f11yjt3y f1jpmc5p f10tv6oz f16xp3sf fwrmqbx f1seuxxq f13gfj74 f1fj3zth"
        />
      </div>
    </div>
  </div>,
  <div
    data-testid="canvas"
  >
    <canvas
      className=""
    />
  </div>,
  <div>
    <button
      className="fui-Button r1alrhcs ___1akj6hk_ih97uj0 ffp7eso f1p3nwhy f11589ue f1q5o8ev f1pdflbu f1phragk f15wkkf3 f1s2uweq fr80ssc f1ukrpxl fecsdlb f1rq72xc fnp9lpt f1h0usnq fs4ktlq f16h9ulv fx2bmrt f1d6v5y2 f1rirnrt f1uu00uk fkvaka8 f1ux7til f9a0qzu f1lkg8j3 fkc42ay fq7113v ff1wgvm fiob0tu f1j6scgf f1x4h75k f4xjyn1 fbgcvur f1ks1yx8 f1o6qegi fcnxywj fmxjhhp f9ddjv3 f17t0x8g f194v5ow f1qgg65p fk7jm04 fhgccpy f32wu9k fu5nqqq f13prjl2 f1czftr5 f1nl83rv f12k37oa fr96u23"
      data-testid="btn-insert-image"
      onClick={[Function]}
      type="button"
    >
      Insert Image
    </button>
  </div>,
]
`;
